******************************************************************************
          TMS320C6x COFF Linker PC v5.1.0                      
******************************************************************************
>> Linked Thu Mar 30 17:50:17 2017

OUTPUT FILE NAME:   <./Debug/convolution.out>
ENTRY POINT SYMBOL: "_c_int00"  address: 0000e0a0


SECTION ALLOCATION MAP

 output                                  attributes/
section   page    origin      length       input sections
--------  ----  ----------  ----------   ----------------
.switch    0    00000004    00000000     UNINITIALIZED

.data      0    00000008    00000000     UNINITIALIZED

.pinit     0    00000008    00000000     UNINITIALIZED

.bss       0    00000008    00000018     UNINITIALIZED
                  00000008    00000018     fct_c.obj (.bss)

.text      0    00000020    0000e4c0     
                  00000020    00000e80     fct_c.obj (.text)
                  00000ea0    00000b40     rts6700.lib : _scanfi.obj (.text:__scanfi)
                  000019e0    00000700                 : strtod.obj (.text:_strtod)
                  000020e0    000006e0                 : _scanfi.obj (.text:__sset_arg)
                  000027c0    000006e0                 : strtold.obj (.text:_strtold)
                  00002ea0    000005a0                 : _printfi.obj (.text:__setfield)
                  00003440    00000540                 : strtol.obj (.text:_strtol)
                  00003980    00000540                 : strtoul.obj (.text:_strtoul)
                  00003ec0    00000500                 : strtoull.obj (.text:_strtoull)
                  000043c0    00000500                 : strtoll.obj (.text:_strtoll)
                  000048c0    00000480                 : _printfi.obj (.text:__getarg_diouxp)
                  00004d40    00000480                 : fcvt.obj (.text:_fcvt)
                  000051c0    00000480                 : _printfi.obj (.text:__printfi)
                  00005640    00000480                 : ecvt.obj (.text:_ecvt)
                  00005ac0    00000440                 : _printfi.obj (.text:__fcpy)
                  00005f00    000003e0                 : _printfi.obj (.text:__pproc_fwp)
                  000062e0    000003e0                 : _scanfi.obj (.text:__sproc_int)
                  000066c0    000003c0                 : _scanfi.obj (.text:__sget_conv)
                  00006a80    000003c0                 : _printfi.obj (.text:__pconv_e)
                  00006e40    000003c0                 : fputs.obj (.text:_fputs)
                  00007200    000003c0                 : fgets.obj (.text:__dofgets)
                  000075c0    000003a0                 : memory.obj (.text:_free)
                  00007960    00000380                 : _printfi.obj (.text:__pproc_str)
                  00007ce0    00000380                 : imath64.obj (.text:__divull)
                  00008060    00000340                 : _scanfi.obj (.text:__sproc_float)
                  000083a0    00000320                 : frcdivd.obj (.text:__frcdivd)
                  000086c0    00000300                 : _printfi.obj (.text:__pconv_g)
                  000089c0    00000300                 : _printfi.obj (.text:__pproc_diouxp)
                  00008cc0    00000280                 : divd.obj (.text:__divd)
                  00008f40    00000260                 : setvbuf.obj (.text:_setvbuf)
                  000091a0    00000260                 : imath40.obj (.text:__divul)
                  00009400    00000240                 : trgdrv.obj (.text:_HOSTrename)
                  00009640    00000240                 : fopen.obj (.text:__openfile)
                  00009880    00000240                 : memcpy62.obj (.text:_memcpy)
                  00009ac0    00000240                 : lowlev.obj (.text:_open)
                  00009d00    00000220                 : memory.obj (.text:_malloc)
                  00009f20    00000200                 : imath64.obj (.text:__divlli)
                  0000a120    00000200                 : _printfi.obj (.text:__mcpy)
                  0000a320    000001e0                 : _scanfi.obj (.text:__sproc_lb)
                  0000a500    000001e0                 : _printfi.obj (.text:__ltostr)
                  0000a6e0    000001c0                 : lowlev.obj (.text:_getdevice)
                  0000a8a0    000001c0                 : sscanf.obj (.text:__chkmbc)
                  0000aa60    000001a0                 : _scanfi.obj (.text:__sproc_str)
                  0000ac00    000001a0                 : _bufread.obj (.text:__buff_read)
                  0000ada0    00000180                 : fputc.obj (.text:_fputc)
                  0000af20    00000180                 : trgdrv.obj (.text:_HOSTlseek)
                  0000b0a0    00000160                 : trgdrv.obj (.text:_HOSTopen)
                  0000b200    00000160                 : lowlev.obj (.text:_lseek)
                  0000b360    00000160                 : fgetc.obj (.text:_fgetc)
                  0000b4c0    00000160                 : fclose.obj (.text:_fclose)
                  0000b620    00000160                 : lowlev.obj (.text:_read)
                  0000b780    00000160                 : _printfi.obj (.text:__pproc_fflags)
                  0000b8e0    00000160                 : lowlev.obj (.text:_write)
                  0000ba40    00000140                 : autoinit.obj (.text:__auto_init)
                  0000bb80    00000140                 : _printfi.obj (.text:__pconv_f)
                  0000bcc0    00000140                 : ltoa.obj (.text:_ltoa)
                  0000be00    00000140                 : ftell.obj (.text:_ftell)
                  0000bf40    00000140                 : lowlev.obj (.text:_close)
                  0000c080    00000140                 : memset.obj (.text:_memset)
                  0000c1c0    00000140                 : atoi.obj (.text:_atoi)
                  0000c300    00000140                 : exit.obj (.text:_exit)
                  0000c440    00000140                 : imath40.obj (.text:__divli)
                  0000c580    00000120                 : _io_perm.obj (.text:__wrt_ok)
                  0000c6a0    00000120                 : _printfi.obj (.text:__div)
                  0000c7c0    00000120                 : fseek.obj (.text:_fseek)
                  0000c8e0    00000120                 : _printfi.obj (.text:__pproc_fge)
                  0000ca00    00000120                 : _scanfi.obj (.text:__sget_scanset)
                  0000cb20    00000120                 : trgdrv.obj (.text:_HOSTwrite)
                  0000cc40    00000120                 : trgdrv.obj (.text:_HOSTunlink)
                  0000cd60    00000120                 : divi.obj (.text:__divi)
                  0000ce80    00000120                 : trgdrv.obj (.text:_HOSTread)
                  0000cfa0    00000100                 : fopen.obj (.text:__cleanup)
                  0000d0a0    00000100                 : trgdrv.obj (.text:_HOSTclose)
                  0000d1a0    00000100                 : _printfi.obj (.text:__ecpy)
                  0000d2a0    00000100                 : fopen.obj (.text:__search_fp)
                  0000d3a0    000000e0                 : fflush.obj (.text:__doflush)
                  0000d480    000000e0                 : lowlev.obj (.text:_tabinit)
                  0000d560    000000e0                 : memory.obj (.text:_mremove)
                  0000d640    000000e0                 : _io_perm.obj (.text:__rd_ok)
                  0000d720    000000e0                 : memory.obj (.text:_minsert)
                  0000d800    000000c0                 : lowlev.obj (.text:_finddevice)
                  0000d8c0    000000c0                 : trgmsg.obj (.text:_readmsg)
                  0000d980    000000c0                 : fixdli.obj (.text:__fixdli)
                  0000da40    000000c0                 : trgmsg.obj (.text:_writemsg)
                  0000db00    000000c0                 : divu.obj (.text:__divu)
                  0000dbc0    000000a0                 : memccpy.obj (.text:_memccpy)
                  0000dc60    000000a0                 : fprintf.obj (.text:_fprintf)
                  0000dd00    000000a0                 : printf.obj (.text:_printf)
                  0000dda0    000000a0                 : fopen.obj (.text:_fopen)
                  0000de40    000000a0                 : lowlev.obj (.text:_unlink)
                  0000dee0    000000a0                 : mpyll.obj (.text:__mpyll)
                  0000df80    000000a0                 : imath40.obj (.text:__remli)
                  0000e020    00000080                 : llshift.obj (.text:__llshru)
                  0000e0a0    00000080                 : boot.obj (.text:_c_int00)
                  0000e120    00000080                 : strcpy.obj (.text:_strcpy)
                  0000e1a0    00000080                 : llshift.obj (.text:__llshl)
                  0000e220    00000060                 : sscanf.obj (.text:_sscanf)
                  0000e280    00000060                 : imath64.obj (.text:__subcull)
                  0000e2e0    00000040                 : args_main.obj (.text:__args_main)
                  0000e320    00000040                 : abs.obj (.text:_llabs)
                  0000e360    00000040                 : sscanf.obj (.text:__inpchar)
                  0000e3a0    00000020                 : remove.obj (.text:_remove)
                  0000e3c0    00000020                 : fprintf.obj (.text:__outc)
                  0000e3e0    00000020                 : sscanf.obj (.text:__uninpchar)
                  0000e400    00000020                 : negll.obj (.text:__negll)
                  0000e420    00000020                 : fgets.obj (.text:_fgets)
                  0000e440    00000020                 : printf.obj (.text:__outc)
                  0000e460    00000020                 : exit.obj (.text:_abort)
                  0000e480    00000020                 : fprintf.obj (.text:__outs)
                  0000e4a0    00000020                 : printf.obj (.text:__outs)
                  0000e4c0    00000020                 : _lock.obj (.text:__nop)

.far       0    0000e4e0    00000984     UNINITIALIZED
                  0000e4e0    00000374     rts6700.lib : defs.obj (.far)
                  0000e854    00000190                 : _printfi.obj (.far)
                  0000e9e4    00000190                 : fcvt.obj (.far)
                  0000eb74    0000011c                 : lowlev.obj (.far)
                  0000ec90    000000d0                 : trgdrv.obj (.far)
                  0000ed60    0000008c                 : exit.obj (.far)
                  0000edec    00000064                 : ecvt.obj (.far)
                  0000ee50    00000008                 : _lock.obj (.far)
                  0000ee58    00000008                 : memory.obj (.far)
                  0000ee60    00000004                 : errno.obj (.far)

.stack     0    0000ee68    00000400     UNINITIALIZED
                  0000ee68    00000008     rts6700.lib : boot.obj (.stack)

.sysmem    0    0000f268    00000400     UNINITIALIZED
                  0000f268    00000008     rts6700.lib : memory.obj (.sysmem)

.const     0    0000f668    000003da     
                  0000f668    0000017a     fct_c.obj (.const)
                  0000f7e2    00000002     rts6700.lib : fputs.obj (.const)
                  0000f7e4    00000101                 : ctype.obj (.const)
                  0000f8e5    00000003     --HOLE-- [fill = 0]
                  0000f8e8    00000098                 : strtod.obj (.const)
                  0000f980    00000098                 : strtold.obj (.const)
                  0000fa18    0000002a                 : _printfi.obj (.const)

.cinit     0    0000fa48    0000033c     
                  0000fa48    00000244     rts6700.lib : defs.obj (.cinit)
                  0000fc8c    00000004     --HOLE-- [fill = 0]
                  0000fc90    0000005c                 : lowlev.obj (.cinit)
                  0000fcec    00000004     --HOLE-- [fill = 0]
                  0000fcf0    0000002c                 : memory.obj (.cinit)
                  0000fd1c    00000004     --HOLE-- [fill = 0]
                  0000fd20    0000002c                 : exit.obj (.cinit)
                  0000fd4c    00000004     --HOLE-- [fill = 0]
                  0000fd50    0000001c                 : _lock.obj (.cinit)
                  0000fd6c    00000004     --HOLE-- [fill = 0]
                  0000fd70    0000000c                 : errno.obj (.cinit)
                  0000fd7c    00000008     --HOLE-- [fill = 0]

.cio       0    0000fd88    00000120     UNINITIALIZED
                  0000fd88    00000120     rts6700.lib : trgmsg.obj (.cio)


GLOBAL SYMBOLS: SORTED ALPHABETICALLY BY Name 

address    name
--------   ----
00000008   $bss
00000008   .bss
00000008   .data
00000020   .text
0000e460   C$$EXIT
0000daec   C$$IO$$
0000d0a0   _HOSTclose
0000af20   _HOSTlseek
0000b0a0   _HOSTopen
0000ce80   _HOSTread
00009400   _HOSTrename
0000cc40   _HOSTunlink
0000cb20   _HOSTwrite
0000fd88   __CIOBUF_
00000400   __STACK_SIZE
00000400   __SYSMEM_SIZE
ffffffff   ___binit__
00000008   ___bss__
ffffffff   ___c_args__
0000fa48   ___cinit__
00000008   ___data__
00000008   ___edata__
00000020   ___end__
0000e4e0   ___etext__
ffffffff   ___pinit__
00000020   ___text__
0000e2e0   __args_main
0000ba40   __auto_init
0000ac00   __buff_read
0000cfa0   __cleanup
0000ede4   __cleanup_ptr
0000f7e4   __ctypes_
00008cc0   __divd
0000cd60   __divi
0000c440   __divli
00009f20   __divlli
0000db00   __divu
000091a0   __divul
00007ce0   __divull
0000d3a0   __doflush
0000ede8   __dtors_ptr
0000d980   __fixdli
000083a0   __frcdivd
0000e850   __ft_end
0000e4e0   __ftable
0000e1a0   __llshl
0000e020   __llshru
0000ee50   __lock
0000dee0   __mpyll
0000e400   __negll
0000e4c0   __nop
000051c0   __printfi
0000d640   __rd_ok
0000df80   __remli
00000ea0   __scanfi
0000ee68   __stack
0000e280   __subcull
0000f268   __sys_memory
0000e710   __tmpnams
0000ee54   __unlock
0000c580   __wrt_ok
0000e460   _abort
0000c1c0   _atoi
0000e0a0   _c_int00
0000bf40   _close
00000018   _color_max
00005640   _ecvt
0000ee60   _errno
0000c300   _exit
0000b4c0   _fclose
00000aec   _fct_t
00004d40   _fcvt
0000b360   _fgetc
0000e420   _fgets
0000dda0   _fopen
0000dc60   _fprintf
0000ada0   _fputc
00006e40   _fputs
000075c0   _free
0000c7c0   _fseek
0000be00   _ftell
00000014   _height
0000e320   _llabs
0000b200   _lseek
0000bcc0   _ltoa
00000b84   _main
00009d00   _malloc
0000dbc0   _memccpy
00009880   _memcpy
0000c080   _memset
00009ac0   _open
00000020   _open_file
0000001c   _pgm_form
0000dd00   _printf
0000b620   _read
0000d8c0   _readmsg
0000e3a0   _remove
00008f40   _setvbuf
0000e220   _sscanf
0000e120   _strcpy
000019e0   _strtod
00003440   _strtol
000027c0   _strtold
000043c0   _strtoll
00003980   _strtoul
00003ec0   _strtoull
0000000c   _tab_image_final
00000008   _tab_image_source
0000de40   _unlink
00000010   _width
0000b8e0   _write
00000864   _write_file
0000da40   _writemsg
ffffffff   binit
0000fa48   cinit
00000008   edata
00000020   end
0000e4e0   etext
ffffffff   pinit


GLOBAL SYMBOLS: SORTED BY Symbol Address 

address    name
--------   ----
00000008   ___bss__
00000008   _tab_image_source
00000008   edata
00000008   ___edata__
00000008   ___data__
00000008   .bss
00000008   .data
00000008   $bss
0000000c   _tab_image_final
00000010   _width
00000014   _height
00000018   _color_max
0000001c   _pgm_form
00000020   end
00000020   .text
00000020   _open_file
00000020   ___end__
00000020   ___text__
00000400   __SYSMEM_SIZE
00000400   __STACK_SIZE
00000864   _write_file
00000aec   _fct_t
00000b84   _main
00000ea0   __scanfi
000019e0   _strtod
000027c0   _strtold
00003440   _strtol
00003980   _strtoul
00003ec0   _strtoull
000043c0   _strtoll
00004d40   _fcvt
000051c0   __printfi
00005640   _ecvt
00006e40   _fputs
000075c0   _free
00007ce0   __divull
000083a0   __frcdivd
00008cc0   __divd
00008f40   _setvbuf
000091a0   __divul
00009400   _HOSTrename
00009880   _memcpy
00009ac0   _open
00009d00   _malloc
00009f20   __divlli
0000ac00   __buff_read
0000ada0   _fputc
0000af20   _HOSTlseek
0000b0a0   _HOSTopen
0000b200   _lseek
0000b360   _fgetc
0000b4c0   _fclose
0000b620   _read
0000b8e0   _write
0000ba40   __auto_init
0000bcc0   _ltoa
0000be00   _ftell
0000bf40   _close
0000c080   _memset
0000c1c0   _atoi
0000c300   _exit
0000c440   __divli
0000c580   __wrt_ok
0000c7c0   _fseek
0000cb20   _HOSTwrite
0000cc40   _HOSTunlink
0000cd60   __divi
0000ce80   _HOSTread
0000cfa0   __cleanup
0000d0a0   _HOSTclose
0000d3a0   __doflush
0000d640   __rd_ok
0000d8c0   _readmsg
0000d980   __fixdli
0000da40   _writemsg
0000daec   C$$IO$$
0000db00   __divu
0000dbc0   _memccpy
0000dc60   _fprintf
0000dd00   _printf
0000dda0   _fopen
0000de40   _unlink
0000dee0   __mpyll
0000df80   __remli
0000e020   __llshru
0000e0a0   _c_int00
0000e120   _strcpy
0000e1a0   __llshl
0000e220   _sscanf
0000e280   __subcull
0000e2e0   __args_main
0000e320   _llabs
0000e3a0   _remove
0000e400   __negll
0000e420   _fgets
0000e460   _abort
0000e460   C$$EXIT
0000e4c0   __nop
0000e4e0   ___etext__
0000e4e0   etext
0000e4e0   __ftable
0000e710   __tmpnams
0000e850   __ft_end
0000ede4   __cleanup_ptr
0000ede8   __dtors_ptr
0000ee50   __lock
0000ee54   __unlock
0000ee60   _errno
0000ee68   __stack
0000f268   __sys_memory
0000f7e4   __ctypes_
0000fa48   cinit
0000fa48   ___cinit__
0000fd88   __CIOBUF_
ffffffff   ___binit__
ffffffff   pinit
ffffffff   binit
ffffffff   ___pinit__
ffffffff   ___c_args__

[119 symbols]
