******************************************************************************
          TMS320C6x COFF Linker PC v5.1.0                      
******************************************************************************
>> Linked Thu May 04 18:06:12 2017

OUTPUT FILE NAME:   <./Debug/convolution.out>
ENTRY POINT SYMBOL: "_c_int00"  address: 0000ebe0


MEMORY CONFIGURATION

                  name            origin    length      used    attr    fill
         ----------------------  --------  ---------  --------  ----  --------
         PPEM                    00000000   00010000  0000fdc6  RWIX
         PMEM                    80000000   00002000  0000133c  RWIX
         DMEM                    80002001   00100000  00000000  RWIX


SECTION ALLOCATION MAP

 output                                  attributes/
section   page    origin      length       input sections
--------  ----  ----------  ----------   ----------------
.stack     0    80000000    00000800     UNINITIALIZED
                  80000000    00000008     rts6700.lib : boot.obj (.stack)

.sysmem    0    80000800    00000800     UNINITIALIZED
                  80000800    00000008     rts6700.lib : memory.obj (.sysmem)

.cinit     0    80001000    0000033c     
                  80001000    00000244     rts6700.lib : defs.obj (.cinit)
                  80001244    00000004     --HOLE-- [fill = 0]
                  80001248    0000005c                 : lowlev.obj (.cinit)
                  800012a4    00000004     --HOLE-- [fill = 0]
                  800012a8    0000002c                 : memory.obj (.cinit)
                  800012d4    00000004     --HOLE-- [fill = 0]
                  800012d8    0000002c                 : exit.obj (.cinit)
                  80001304    00000004     --HOLE-- [fill = 0]
                  80001308    0000001c                 : _lock.obj (.cinit)
                  80001324    00000004     --HOLE-- [fill = 0]
                  80001328    0000000c                 : errno.obj (.cinit)
                  80001334    00000008     --HOLE-- [fill = 0]

.mydata    0    80002001    00000000     UNINITIALIZED

.data      0    00000000    00000000     UNINITIALIZED

.tables    0    00000000    00000000     UNINITIALIZED

.text      0    00000000    0000ef20     
                  00000000    00001780     fct_c_v3.obj (.text)
                  00001780    00000b40     rts6700.lib : _scanfi.obj (.text:__scanfi)
                  000022c0    00000700                 : strtod.obj (.text:_strtod)
                  000029c0    000006e0                 : _scanfi.obj (.text:__sset_arg)
                  000030a0    000006e0                 : strtold.obj (.text:_strtold)
                  00003780    000005a0                 : _printfi.obj (.text:__setfield)
                  00003d20    00000540                 : strtoul.obj (.text:_strtoul)
                  00004260    00000540                 : strtol.obj (.text:_strtol)
                  000047a0    00000500                 : strtoull.obj (.text:_strtoull)
                  00004ca0    00000500                 : strtoll.obj (.text:_strtoll)
                  000051a0    00000480                 : fcvt.obj (.text:_fcvt)
                  00005620    00000480                 : ecvt.obj (.text:_ecvt)
                  00005aa0    00000480                 : _printfi.obj (.text:__printfi)
                  00005f20    00000480                 : _printfi.obj (.text:__getarg_diouxp)
                  000063a0    00000440                 : _printfi.obj (.text:__fcpy)
                  000067e0    000003e0                 : _scanfi.obj (.text:__sproc_int)
                  00006bc0    000003e0                 : _printfi.obj (.text:__pproc_fwp)
                  00006fa0    000003c0                 : _printfi.obj (.text:__pconv_e)
                  00007360    000003c0                 : fputs.obj (.text:_fputs)
                  00007720    000003c0                 : _scanfi.obj (.text:__sget_conv)
                  00007ae0    000003c0                 : fgets.obj (.text:__dofgets)
                  00007ea0    000003a0                 : memory.obj (.text:_free)
                  00008240    00000380                 : _printfi.obj (.text:__pproc_str)
                  000085c0    00000380                 : imath64.obj (.text:__divull)
                  00008940    00000340                 : _scanfi.obj (.text:__sproc_float)
                  00008c80    00000320                 : frcdivd.obj (.text:__frcdivd)
                  00008fa0    00000300                 : _printfi.obj (.text:__pconv_g)
                  000092a0    00000300                 : _printfi.obj (.text:__pproc_diouxp)
                  000095a0    00000280                 : divd.obj (.text:__divd)
                  00009820    00000260                 : setvbuf.obj (.text:_setvbuf)
                  00009a80    00000260                 : imath40.obj (.text:__divul)
                  00009ce0    00000240                 : lowlev.obj (.text:_open)
                  00009f20    00000240                 : fopen.obj (.text:__openfile)
                  0000a160    00000240                 : trgdrv.obj (.text:_HOSTrename)
                  0000a3a0    00000240                 : memcpy62.obj (.text:_memcpy)
                  0000a5e0    00000220                 : memory.obj (.text:_malloc)
                  0000a800    00000200                 : imath64.obj (.text:__divlli)
                  0000aa00    00000200                 : _printfi.obj (.text:__mcpy)
                  0000ac00    000001e0                 : _scanfi.obj (.text:__sproc_lb)
                  0000ade0    000001e0                 : _printfi.obj (.text:__ltostr)
                  0000afc0    000001c0                 : lowlev.obj (.text:_getdevice)
                  0000b180    000001c0                 : sscanf.obj (.text:__chkmbc)
                  0000b340    000001a0                 : _bufread.obj (.text:__buff_read)
                  0000b4e0    000001a0                 : _scanfi.obj (.text:__sproc_str)
                  0000b680    00000180                 : fputc.obj (.text:_fputc)
                  0000b800    00000180                 : trgdrv.obj (.text:_HOSTlseek)
                  0000b980    00000160                 : lowlev.obj (.text:_read)
                  0000bae0    00000160                 : trgdrv.obj (.text:_HOSTopen)
                  0000bc40    00000160                 : _printfi.obj (.text:__pproc_fflags)
                  0000bda0    00000160                 : fgetc.obj (.text:_fgetc)
                  0000bf00    00000160                 : fclose.obj (.text:_fclose)
                  0000c060    00000160                 : lowlev.obj (.text:_lseek)
                  0000c1c0    00000160                 : lowlev.obj (.text:_write)
                  0000c320    00000140                 : exit.obj (.text:_exit)
                  0000c460    00000140                 : imath40.obj (.text:__divli)
                  0000c5a0    00000140                 : memset.obj (.text:_memset)
                  0000c6e0    00000140                 : _printfi.obj (.text:__pconv_f)
                  0000c820    00000140                 : ltoa.obj (.text:_ltoa)
                  0000c960    00000140                 : ftell.obj (.text:_ftell)
                  0000caa0    00000140                 : autoinit.obj (.text:__auto_init)
                  0000cbe0    00000140                 : lowlev.obj (.text:_close)
                  0000cd20    00000140                 : atoi.obj (.text:_atoi)
                  0000ce60    00000120                 : trgdrv.obj (.text:_HOSTwrite)
                  0000cf80    00000120                 : trgdrv.obj (.text:_HOSTunlink)
                  0000d0a0    00000120                 : trgdrv.obj (.text:_HOSTread)
                  0000d1c0    00000120                 : divi.obj (.text:__divi)
                  0000d2e0    00000120                 : _printfi.obj (.text:__div)
                  0000d400    00000120                 : _printfi.obj (.text:__pproc_fge)
                  0000d520    00000120                 : fseek.obj (.text:_fseek)
                  0000d640    00000120                 : _io_perm.obj (.text:__wrt_ok)
                  0000d760    00000120                 : _scanfi.obj (.text:__sget_scanset)
                  0000d880    00000100                 : fopen.obj (.text:__search_fp)
                  0000d980    00000100                 : fopen.obj (.text:__cleanup)
                  0000da80    00000100                 : trgdrv.obj (.text:_HOSTclose)
                  0000db80    00000100                 : _printfi.obj (.text:__ecpy)
                  0000dc80    000000e0                 : _io_perm.obj (.text:__rd_ok)
                  0000dd60    000000e0                 : fflush.obj (.text:__doflush)
                  0000de40    000000e0                 : memory.obj (.text:_mremove)
                  0000df20    000000e0                 : memory.obj (.text:_minsert)
                  0000e000    000000e0                 : lowlev.obj (.text:_tabinit)
                  0000e0e0    000000c0                 : divu.obj (.text:__divu)
                  0000e1a0    000000c0     fct_asm_opt.obj (.text)
                  0000e260    000000c0     rts6700.lib : lowlev.obj (.text:_finddevice)
                  0000e320    000000c0                 : trgmsg.obj (.text:_readmsg)
                  0000e3e0    000000c0                 : fixdli.obj (.text:__fixdli)
                  0000e4a0    000000c0                 : trgmsg.obj (.text:_writemsg)
                  0000e560    000000a0                 : imath40.obj (.text:__remli)
                  0000e600    000000a0                 : fprintf.obj (.text:_fprintf)
                  0000e6a0    000000a0                 : memccpy.obj (.text:_memccpy)
                  0000e740    000000a0                 : remu.obj (.text:__remu)
                  0000e7e0    000000a0                 : printf.obj (.text:_printf)
                  0000e880    000000a0                 : mpyll.obj (.text:__mpyll)
                  0000e920    000000a0                 : lowlev.obj (.text:_unlink)
                  0000e9c0    000000a0                 : fopen.obj (.text:_fopen)
                  0000ea60    00000080                 : llshift.obj (.text:__llshru)
                  0000eae0    00000080                 : strcpy.obj (.text:_strcpy)
                  0000eb60    00000080                 : llshift.obj (.text:__llshl)
                  0000ebe0    00000080                 : boot.obj (.text:_c_int00)
                  0000ec60    00000060                 : sscanf.obj (.text:_sscanf)
                  0000ecc0    00000060                 : imath64.obj (.text:__subcull)
                  0000ed20    00000040                 : args_main.obj (.text:__args_main)
                  0000ed60    00000040                 : sscanf.obj (.text:__inpchar)
                  0000eda0    00000040                 : abs.obj (.text:_llabs)
                  0000ede0    00000020                 : printf.obj (.text:__outc)
                  0000ee00    00000020                 : exit.obj (.text:_abort)
                  0000ee20    00000020                 : printf.obj (.text:__outs)
                  0000ee40    00000020                 : remove.obj (.text:_remove)
                  0000ee60    00000020                 : negll.obj (.text:__negll)
                  0000ee80    00000020                 : sscanf.obj (.text:__uninpchar)
                  0000eea0    00000020                 : fprintf.obj (.text:__outs)
                  0000eec0    00000020                 : _lock.obj (.text:__nop)
                  0000eee0    00000020                 : fprintf.obj (.text:__outc)
                  0000ef00    00000020                 : fgets.obj (.text:_fgets)

.far       0    0000ef20    00000984     UNINITIALIZED
                  0000ef20    00000374     rts6700.lib : defs.obj (.far)
                  0000f294    00000190                 : _printfi.obj (.far)
                  0000f424    00000190                 : fcvt.obj (.far)
                  0000f5b4    0000011c                 : lowlev.obj (.far)
                  0000f6d0    000000d0                 : trgdrv.obj (.far)
                  0000f7a0    0000008c                 : exit.obj (.far)
                  0000f82c    00000064                 : ecvt.obj (.far)
                  0000f890    00000008                 : _lock.obj (.far)
                  0000f898    00000008                 : memory.obj (.far)
                  0000f8a0    00000004                 : errno.obj (.far)

.const     0    0000f8a8    000003ea     
                  0000f8a8    00000185     fct_c_v3.obj (.const)
                  0000fa2d    00000002     rts6700.lib : fputs.obj (.const)
                  0000fa2f    00000001     --HOLE-- [fill = 0]
                  0000fa30    00000101                 : ctype.obj (.const)
                  0000fb31    00000007     --HOLE-- [fill = 0]
                  0000fb38    00000098                 : strtod.obj (.const)
                  0000fbd0    00000098                 : strtold.obj (.const)
                  0000fc68    0000002a                 : _printfi.obj (.const)

.cio       0    0000fc94    00000120     UNINITIALIZED
                  0000fc94    00000120     rts6700.lib : trgmsg.obj (.cio)

.bss       0    0000fdb4    00000018     UNINITIALIZED
                  0000fdb4    00000018     fct_c_v3.obj (.bss)


GLOBAL SYMBOLS: SORTED ALPHABETICALLY BY Name 

address    name
--------   ----
0000fdb4   $bss
0000fdb4   .bss
00000000   .data
00000000   .text
0000ee00   C$$EXIT
0000e54c   C$$IO$$
0000da80   _HOSTclose
0000b800   _HOSTlseek
0000bae0   _HOSTopen
0000d0a0   _HOSTread
0000a160   _HOSTrename
0000cf80   _HOSTunlink
0000ce60   _HOSTwrite
0000fc94   __CIOBUF_
00000800   __STACK_SIZE
00000800   __SYSMEM_SIZE
ffffffff   ___binit__
0000fdb4   ___bss__
ffffffff   ___c_args__
80001000   ___cinit__
00000000   ___data__
00000000   ___edata__
0000fdcc   ___end__
0000ef20   ___etext__
ffffffff   ___pinit__
00000000   ___text__
0000ed20   __args_main
0000caa0   __auto_init
0000b340   __buff_read
0000d980   __cleanup
0000f824   __cleanup_ptr
0000fa30   __ctypes_
000095a0   __divd
0000d1c0   __divi
0000c460   __divli
0000a800   __divlli
0000e0e0   __divu
00009a80   __divul
000085c0   __divull
0000dd60   __doflush
0000f828   __dtors_ptr
0000e3e0   __fixdli
00008c80   __frcdivd
0000f290   __ft_end
0000ef20   __ftable
0000eb60   __llshl
0000ea60   __llshru
0000f890   __lock
0000e880   __mpyll
0000ee60   __negll
0000eec0   __nop
00005aa0   __printfi
0000dc80   __rd_ok
0000e560   __remli
0000e740   __remu
00001780   __scanfi
80000000   __stack
0000ecc0   __subcull
80000800   __sys_memory
0000f150   __tmpnams
0000f894   __unlock
0000d640   __wrt_ok
0000ee00   _abort
0000cd20   _atoi
0000ebe0   _c_int00
0000cbe0   _close
0000fdc4   _color_max
00005620   _ecvt
0000f8a0   _errno
0000c320   _exit
0000bf00   _fclose
0000e1a0   _fct_asm_opt
00000acc   _fct_t
000051a0   _fcvt
0000bda0   _fgetc
0000ef00   _fgets
0000e9c0   _fopen
0000e600   _fprintf
0000b680   _fputc
00007360   _fputs
00007ea0   _free
0000d520   _fseek
0000c960   _ftell
0000fdc0   _height
0000eda0   _llabs
0000c060   _lseek
0000c820   _ltoa
00000b64   _main
0000a5e0   _malloc
0000e6a0   _memccpy
0000a3a0   _memcpy
0000c5a0   _memset
00009ce0   _open
00000000   _open_file
0000fdc8   _pgm_form
0000e7e0   _printf
0000b980   _read
0000e320   _readmsg
0000ee40   _remove
00009820   _setvbuf
0000ec60   _sscanf
0000eae0   _strcpy
000022c0   _strtod
00004260   _strtol
000030a0   _strtold
00004ca0   _strtoll
00003d20   _strtoul
000047a0   _strtoull
0000fdb8   _tab_image_final
0000fdb4   _tab_image_source
0000e920   _unlink
0000fdbc   _width
0000c1c0   _write
00000844   _write_file
0000e4a0   _writemsg
ffffffff   binit
80001000   cinit
00000000   edata
0000fdcc   end
0000ef20   etext
ffffffff   pinit


GLOBAL SYMBOLS: SORTED BY Symbol Address 

address    name
--------   ----
00000000   _open_file
00000000   ___edata__
00000000   ___data__
00000000   .text
00000000   ___text__
00000000   edata
00000000   .data
00000800   __SYSMEM_SIZE
00000800   __STACK_SIZE
00000844   _write_file
00000acc   _fct_t
00000b64   _main
00001780   __scanfi
000022c0   _strtod
000030a0   _strtold
00003d20   _strtoul
00004260   _strtol
000047a0   _strtoull
00004ca0   _strtoll
000051a0   _fcvt
00005620   _ecvt
00005aa0   __printfi
00007360   _fputs
00007ea0   _free
000085c0   __divull
00008c80   __frcdivd
000095a0   __divd
00009820   _setvbuf
00009a80   __divul
00009ce0   _open
0000a160   _HOSTrename
0000a3a0   _memcpy
0000a5e0   _malloc
0000a800   __divlli
0000b340   __buff_read
0000b680   _fputc
0000b800   _HOSTlseek
0000b980   _read
0000bae0   _HOSTopen
0000bda0   _fgetc
0000bf00   _fclose
0000c060   _lseek
0000c1c0   _write
0000c320   _exit
0000c460   __divli
0000c5a0   _memset
0000c820   _ltoa
0000c960   _ftell
0000caa0   __auto_init
0000cbe0   _close
0000cd20   _atoi
0000ce60   _HOSTwrite
0000cf80   _HOSTunlink
0000d0a0   _HOSTread
0000d1c0   __divi
0000d520   _fseek
0000d640   __wrt_ok
0000d980   __cleanup
0000da80   _HOSTclose
0000dc80   __rd_ok
0000dd60   __doflush
0000e0e0   __divu
0000e1a0   _fct_asm_opt
0000e320   _readmsg
0000e3e0   __fixdli
0000e4a0   _writemsg
0000e54c   C$$IO$$
0000e560   __remli
0000e600   _fprintf
0000e6a0   _memccpy
0000e740   __remu
0000e7e0   _printf
0000e880   __mpyll
0000e920   _unlink
0000e9c0   _fopen
0000ea60   __llshru
0000eae0   _strcpy
0000eb60   __llshl
0000ebe0   _c_int00
0000ec60   _sscanf
0000ecc0   __subcull
0000ed20   __args_main
0000eda0   _llabs
0000ee00   _abort
0000ee00   C$$EXIT
0000ee40   _remove
0000ee60   __negll
0000eec0   __nop
0000ef00   _fgets
0000ef20   ___etext__
0000ef20   etext
0000ef20   __ftable
0000f150   __tmpnams
0000f290   __ft_end
0000f824   __cleanup_ptr
0000f828   __dtors_ptr
0000f890   __lock
0000f894   __unlock
0000f8a0   _errno
0000fa30   __ctypes_
0000fc94   __CIOBUF_
0000fdb4   _tab_image_source
0000fdb4   ___bss__
0000fdb4   .bss
0000fdb4   $bss
0000fdb8   _tab_image_final
0000fdbc   _width
0000fdc0   _height
0000fdc4   _color_max
0000fdc8   _pgm_form
0000fdcc   end
0000fdcc   ___end__
80000000   __stack
80000800   __sys_memory
80001000   ___cinit__
80001000   cinit
ffffffff   pinit
ffffffff   ___c_args__
ffffffff   ___pinit__
ffffffff   binit
ffffffff   ___binit__

[121 symbols]
